******************************************************************************
                  TI ARM Linker PC v18.1.1                     
******************************************************************************
>> Linked Wed Apr 24 20:38:44 2019

OUTPUT FILE NAME:   <MSP432P401R FreeRTOS V10.1.1 Sample.out>
ENTRY POINT SYMBOL: "_c_int00_noargs"  address: 0000619d


MEMORY CONFIGURATION

         name            origin    length      used     unused   attr    fill
----------------------  --------  ---------  --------  --------  ----  --------
  MAIN                  00000000   00040000  0000649c  00039b64  R  X
  INFO                  00200000   00004000  00000000  00004000  R  X
  SRAM_CODE             01000000   00010000  0000cb74  0000348c  RW X
  SRAM_DATA             20000000   00010000  0000cb74  0000348c  RW  


SEGMENT ALLOCATION MAP

run origin  load origin   length   init length attrs members
----------  ----------- ---------- ----------- ----- -------
00000000    00000000    000064a0   000064a0    r-x
  00000000    00000000    000000e4   000000e4    r-- .intvecs
  000000e4    000000e4    0000626c   0000626c    r-x .text
  00006350    00006350    0000010c   0000010c    r-- .const
  00006460    00006460    00000040   00000040    r-- .cinit
20000000    20000000    0000c974   00000000    rw-
  20000000    20000000    0000c910   00000000    rw- .bss
  2000c910    2000c910    00000064   00000000    rw- .data
2000fe00    2000fe00    00000200   00000000    rw-
  2000fe00    2000fe00    00000200   00000000    rw- .stack


SECTION ALLOCATION MAP

 output                                  attributes/
section   page    origin      length       input sections
--------  ----  ----------  ----------   ----------------
.intvecs   0    00000000    000000e4     
                  00000000    000000e4     startup_msp432p401r_ccs.obj (.intvecs:retain)

.text      0    000000e4    0000626c     
                  000000e4    00001df0     MSP432P401R FreeRTOS V10.1.1.lib : tasks.obj (.text)
                  00001ed4    00001076                                      : queue.obj (.text)
                  00002f4a    00000002     rtsv7M4_T_le_v4SPD16_eabi.lib : div0.asm.obj (.text)
                  00002f4c    00000a5e                                   : _printfi.c.obj (.text:__TI_printfi)
                  000039aa    00000002     --HOLE-- [fill = 0]
                  000039ac    00000764     MSP432P401R FreeRTOS V10.1.1.lib : timers.obj (.text)
                  00004110    00000378     system_msp432p401r.obj (.text)
                  00004488    0000035c     MSP432P401R FreeRTOS V10.1.1.lib : heap_4.obj (.text)
                  000047e4    000002e0                                      : port.obj (.text)
                  00004ac4    00000270     rtsv7M4_T_le_v4SPD16_eabi.lib : _printfi.c.obj (.text:_pconv_a)
                  00004d34    000001d0                                   : _printfi.c.obj (.text:_pconv_g)
                  00004f04    000001b6                                   : fd_add_t2.asm.obj (.text)
                  000050ba    00000002     --HOLE-- [fill = 0]
                  000050bc    0000013c                                   : _printfi.c.obj (.text:_pconv_e)
                  000051f8    00000136                                   : fd_div_t2.asm.obj (.text)
                  0000532e    0000012a     MSP432P401R FreeRTOS V10.1.1.lib : list.obj (.text)
                  00005458    00000120     rtsv7M4_T_le_v4SPD16_eabi.lib : _printfi.c.obj (.text:fcvt)
                  00005578    00000110                                   : s_scalbn.c.obj (.text:scalbn)
                  00005688    000000fc                                   : fd_mul_t2.asm.obj (.text)
                  00005784    000000da     MSP432P401R FreeRTOS V10.1.1.lib : portasm.obj (.text)
                  0000585e    00000002     --HOLE-- [fill = 0]
                  00005860    000000b8     msp432p4xx_driverlib.lib : cs_MSP432P4XX.obj (.text:CS_getDCOFrequency)
                  00005918    000000b1     rtsv7M4_T_le_v4SPD16_eabi.lib : _printfi.c.obj (.text:_ltostr)
                  000059c9    00000003     --HOLE-- [fill = 0]
                  000059cc    0000009c     msp432p4xx_driverlib.lib : cs_MSP432P4XX.obj (.text:_CSComputeCLKFrequency)
                  00005a68    0000009c     rtsv7M4_T_le_v4SPD16_eabi.lib : memcpy_t2.asm.obj (.text)
                  00005b04    00000096                                   : ull_div_t2.asm.obj (.text)
                  00005b9a    00000086                                   : fd_cmp_t2.asm.obj (.text:__aeabi_cdcmple)
                  00005c20    00000086                                   : fd_cmp_t2.asm.obj (.text:__aeabi_cdrcmple)
                  00005ca6    0000007a                                   : memset_t2.asm.obj (.text)
                  00005d20    0000006e                                   : _printfi.c.obj (.text:_mcpy)
                  00005d8e    00000068                                   : copy_decompress_lzss.c.obj (.text:decompress:lzss:__TI_decompress_lzss)
                  00005df6    00000002     --HOLE-- [fill = 0]
                  00005df8    00000064                                   : s_frexp.c.obj (.text:frexp)
                  00005e5c    00000056                                   : _printfi.c.obj (.text:_pconv_f)
                  00005eb2    00000002     --HOLE-- [fill = 0]
                  00005eb4    00000054     msp432p4xx_driverlib.lib : sysctl_a_MSP432P4XX.obj (.text:SysCtl_A_getTLVInfo)
                  00005f08    00000054     rtsv7M4_T_le_v4SPD16_eabi.lib : ltoa.c.obj (.text:ltoa)
                  00005f5c    00000052                                   : _printfi.c.obj (.text:_ecpy)
                  00005fae    00000002     --HOLE-- [fill = 0]
                  00005fb0    0000004c     msp432p4xx_driverlib.lib : cs_MSP432P4XX.obj (.text:_CSGetDOCFrequency)
                  00005ffc    0000004c     rtsv7M4_T_le_v4SPD16_eabi.lib : atoi.c.obj (.text:atoi)
                  00006048    00000048     msp432p4xx_driverlib.lib : cs_MSP432P4XX.obj (.text:_CSGetDividerValue)
                  00006090    00000048     rtsv7M4_T_le_v4SPD16_eabi.lib : fd_toi_t2.asm.obj (.text)
                  000060d8    00000044                                   : autoinit.c.obj (.text:__TI_auto_init_nobinit_nopinit:__TI_auto_init_nobinit_nopinit)
                  0000611c    00000040                                   : sprintf.c.obj (.text:sprintf)
                  0000615c    0000003e                                   : _printfi.c.obj (.text:_fcpy)
                  0000619a    00000002     --HOLE-- [fill = 0]
                  0000619c    00000038                                   : boot_cortex_m.c.obj (.text:_c_int00_noargs:_c_int00_noargs)
                  000061d4    00000034     main.obj (.text)
                  00006208    0000002e     rtsv7M4_T_le_v4SPD16_eabi.lib : i_tofd_t2.asm.obj (.text)
                  00006236    00000002     --HOLE-- [fill = 0]
                  00006238    00000024     msp432p4xx_driverlib.lib : cs_MSP432P4XX.obj (.text:CS_clearInterruptFlag)
                  0000625c    0000001c     rtsv7M4_T_le_v4SPD16_eabi.lib : memccpy.c.obj (.text:memccpy)
                  00006278    00000018     msp432p4xx_driverlib.lib : cs_MSP432P4XX.obj (.text:CS_getMCLK)
                  00006290    00000018     rtsv7M4_T_le_v4SPD16_eabi.lib : sprintf.c.obj (.text:_outs)
                  000062a8    00000016                                   : strchr.c.obj (.text:strchr)
                  000062be    00000014                                   : s_copysign.c.obj (.text:copysign)
                  000062d2    00000014                                   : strcpy.c.obj (.text:strcpy)
                  000062e6    00000014                                   : strlen.c.obj (.text:strlen)
                  000062fa    00000012                                   : wcslen.c.obj (.text:wcslen)
                  0000630c    0000000e                                   : copy_decompress_none.c.obj (.text:decompress:none:__TI_decompress_none)
                  0000631a    0000000e     startup_msp432p401r_ccs.obj (.text)
                  00006328    0000000c     rtsv7M4_T_le_v4SPD16_eabi.lib : copy_zero_init.c.obj (.text:decompress:ZI:__TI_zero_init)
                  00006334    0000000a                                   : sprintf.c.obj (.text:_outc)
                  0000633e    00000002     --HOLE-- [fill = 0]
                  00006340    00000008                                   : errno.c.obj (.text:__aeabi_errno_addr)
                  00006348    00000004                                   : pre_init.c.obj (.text:_system_pre_init)
                  0000634c    00000004                                   : exit.c.obj (.text:abort:abort)

.const     0    00006350    0000010c     
                  00006350    00000101     rtsv7M4_T_le_v4SPD16_eabi.lib : ctype.c.obj (.const:.string:_ctypes_)
                  00006451    00000003     --HOLE-- [fill = 0]
                  00006454    00000008     MSP432P401R FreeRTOS V10.1.1.lib : port.obj (.const)

.cinit     0    00006460    00000040     
                  00006460    00000016     (.cinit..data.load) [load image, compression = lzss]
                  00006476    00000002     --HOLE-- [fill = 0]
                  00006478    0000000c     (__TI_handler_table)
                  00006484    00000004     --HOLE-- [fill = 0]
                  00006488    00000008     (.cinit..bss.load) [load image, compression = zero_init]
                  00006490    00000010     (__TI_cinit_table)

.init_array 
*          0    00000000    00000000     UNINITIALIZED

.binit     0    00000000    00000000     

.bss       0    20000000    0000c910     UNINITIALIZED
                  20000000    0000c800     MSP432P401R FreeRTOS V10.1.1.lib : heap_4.obj (.bss:ucHeap)
                  2000c800    00000064                                      : tasks.obj (.bss:pxReadyTasksLists)
                  2000c864    00000014                                      : timers.obj (.bss:xActiveTimerList1)
                  2000c878    00000014                                      : timers.obj (.bss:xActiveTimerList2)
                  2000c88c    00000014                                      : tasks.obj (.bss:xDelayedTaskList1)
                  2000c8a0    00000014                                      : tasks.obj (.bss:xDelayedTaskList2)
                  2000c8b4    00000014                                      : tasks.obj (.bss:xPendingReadyList)
                  2000c8c8    00000014                                      : tasks.obj (.bss:xSuspendedTaskList)
                  2000c8dc    00000014                                      : tasks.obj (.bss:xTasksWaitingTermination)
                  2000c8f0    00000008                                      : tasks.obj (.bss)
                  2000c8f8    00000008                                      : timers.obj (.bss)
                  2000c900    00000008     msp432p4xx_driverlib.lib : cs_MSP432P4XX.obj (.bss)
                  2000c908    00000008     MSP432P401R FreeRTOS V10.1.1.lib : heap_4.obj (.bss:xStart)

.data      0    2000c910    00000064     UNINITIALIZED
                  2000c910    00000034     MSP432P401R FreeRTOS V10.1.1.lib : tasks.obj (.data)
                  2000c944    00000010                                      : heap_4.obj (.data)
                  2000c954    0000000c                                      : port.obj (.data)
                  2000c960    0000000c                                      : timers.obj (.data)
                  2000c96c    00000004     rtsv7M4_T_le_v4SPD16_eabi.lib : errno.c.obj (.data)
                  2000c970    00000004     system_msp432p401r.obj (.data)

.stack     0    2000fe00    00000200     UNINITIALIZED
                  2000fe00    00000004     rtsv7M4_T_le_v4SPD16_eabi.lib : boot_cortex_m.c.obj (.stack)
                  2000fe04    000001fc     --HOLE--

MODULE SUMMARY

       Module                        code    ro data   rw data
       ------                        ----    -------   -------
    .\
       system_msp432p401r.obj        888     0         8      
       startup_msp432p401r_ccs.obj   14      228       0      
       main.obj                      52      0         0      
    +--+-----------------------------+-------+---------+---------+
       Total:                        954     228       8      
                                                              
    C:/FreeRTOSv10.1.1/FreeRTOS/MSP432P401R/CCS/lib/MSP432P401R FreeRTOS V10.1.1.lib
       heap_4.obj                    860     0         102448 
       tasks.obj                     7664    0         520    
       queue.obj                     4214    0         0      
       timers.obj                    1892    0         120    
       port.obj                      736     8         24     
       list.obj                      298     0         0      
       portasm.obj                   218     0         0      
    +--+-----------------------------+-------+---------+---------+
       Total:                        15882   8         103112 
                                                              
    C:/ti/simplelink_msp432p4_sdk_2_10_00_14/source/ti/devices/msp432p4xx/driverlib/ccs/msp432p4xx_driverlib.lib
       cs_MSP432P4XX.obj             548     0         16     
       sysctl_a_MSP432P4XX.obj       84      0         0      
    +--+-----------------------------+-------+---------+---------+
       Total:                        632     0         16     
                                                              
    C:\ti\ccsv7\tools\compiler\ti-cgt-arm_18.1.1.LTS\lib\rtsv7M4_T_le_v4SPD16_eabi.lib
       _printfi.c.obj                4863    0         0      
       fd_add_t2.asm.obj             438     0         0      
       fd_div_t2.asm.obj             310     0         0      
       s_scalbn.c.obj                272     0         0      
       fd_cmp_t2.asm.obj             268     0         0      
       ctype.c.obj                   0       257       0      
       fd_mul_t2.asm.obj             252     0         0      
       memcpy_t2.asm.obj             156     0         0      
       ull_div_t2.asm.obj            150     0         0      
       memset_t2.asm.obj             122     0         0      
       copy_decompress_lzss.c.obj    104     0         0      
       s_frexp.c.obj                 100     0         0      
       sprintf.c.obj                 98      0         0      
       ltoa.c.obj                    84      0         0      
       atoi.c.obj                    76      0         0      
       fd_toi_t2.asm.obj             72      0         0      
       autoinit.c.obj                68      0         0      
       boot_cortex_m.c.obj           56      0         0      
       i_tofd_t2.asm.obj             46      0         0      
       memccpy.c.obj                 28      0         0      
       strchr.c.obj                  22      0         0      
       s_copysign.c.obj              20      0         0      
       strcpy.c.obj                  20      0         0      
       strlen.c.obj                  20      0         0      
       wcslen.c.obj                  18      0         0      
       errno.c.obj                   8       0         8      
       copy_decompress_none.c.obj    14      0         0      
       copy_zero_init.c.obj          12      0         0      
       exit.c.obj                    4       0         0      
       pre_init.c.obj                4       0         0      
       div0.asm.obj                  2       0         0      
    +--+-----------------------------+-------+---------+---------+
       Total:                        7707    257       8      
                                                              
       Stack:                        0       0         1024   
       Linker Generated:             0       58        0      
    +--+-----------------------------+-------+---------+---------+
       Grand Total:                  25175   551       104168 


LINKER GENERATED COPY TABLES

__TI_cinit_table @ 00006490 records: 2, size/record: 8, table size: 16
	.data: load addr=00006460, load size=00000016 bytes, run addr=2000c910, run size=00000064 bytes, compression=lzss
	.bss: load addr=00006488, load size=00000008 bytes, run addr=20000000, run size=0000c910 bytes, compression=zero_init


LINKER GENERATED HANDLER TABLE

__TI_handler_table @ 00006478 records: 3, size/record: 4, table size: 12
	index: 0, handler: __TI_decompress_lzss
	index: 1, handler: __TI_decompress_none
	index: 2, handler: __TI_zero_init


GLOBAL SYMBOLS: SORTED ALPHABETICALLY BY Name 

address   name                               
-------   ----                               
00006327  ADC14_IRQHandler                   
00006327  AES256_IRQHandler                  
00006327  BusFault_Handler                   
0000634d  C$$EXIT                            
00006327  COMP_E0_IRQHandler                 
00006327  COMP_E1_IRQHandler                 
00006327  CS_IRQHandler                      
00006239  CS_clearInterruptFlag              
00005861  CS_getDCOFrequency                 
00006279  CS_getMCLK                         
00006327  DMA_ERR_IRQHandler                 
00006327  DMA_INT0_IRQHandler                
00006327  DMA_INT1_IRQHandler                
00006327  DMA_INT2_IRQHandler                
00006327  DMA_INT3_IRQHandler                
00006327  DebugMon_Handler                   
00006327  Default_Handler                    
00006327  EUSCIA0_IRQHandler                 
00006327  EUSCIA1_IRQHandler                 
00006327  EUSCIA2_IRQHandler                 
00006327  EUSCIA3_IRQHandler                 
00006327  EUSCIB0_IRQHandler                 
00006327  EUSCIB1_IRQHandler                 
00006327  EUSCIB2_IRQHandler                 
00006327  EUSCIB3_IRQHandler                 
00006327  FLCTL_IRQHandler                   
00006327  FPU_IRQHandler                     
00006327  HardFault_Handler                  
00006327  MemManage_Handler                  
00006327  NMI_Handler                        
00006327  PCM_IRQHandler                     
00006327  PORT1_IRQHandler                   
00006327  PORT2_IRQHandler                   
00006327  PORT3_IRQHandler                   
00006327  PORT4_IRQHandler                   
00006327  PORT5_IRQHandler                   
00006327  PORT6_IRQHandler                   
00006327  PSS_IRQHandler                     
00006327  RTC_C_IRQHandler                   
0000631b  Reset_Handler                      
00005eb5  SysCtl_A_getTLVInfo                
2000c970  SystemCoreClock                    
00004111  SystemCoreClockUpdate              
00004389  SystemInit                         
00006327  T32_INT1_IRQHandler                
00006327  T32_INT2_IRQHandler                
00006327  T32_INTC_IRQHandler                
00006327  TA0_0_IRQHandler                   
00006327  TA0_N_IRQHandler                   
00006327  TA1_0_IRQHandler                   
00006327  TA1_N_IRQHandler                   
00006327  TA2_0_IRQHandler                   
00006327  TA2_N_IRQHandler                   
00006327  TA3_0_IRQHandler                   
00006327  TA3_N_IRQHandler                   
000061d5  Task1                              
00006327  UsageFault_Handler                 
4000480c  WDTCTL_SYM                         
00006327  WDT_A_IRQHandler                   
20010000  __STACK_END                        
00000200  __STACK_SIZE                       
00006490  __TI_CINIT_Base                    
000064a0  __TI_CINIT_Limit                   
00006478  __TI_Handler_Table_Base            
00006484  __TI_Handler_Table_Limit           
000060d9  __TI_auto_init_nobinit_nopinit     
00005d8f  __TI_decompress_lzss               
0000630d  __TI_decompress_none               
ffffffff  __TI_pprof_out_hndl                
00002f4d  __TI_printfi                       
ffffffff  __TI_prof_data_size                
ffffffff  __TI_prof_data_start               
00000000  __TI_static_base__                 
00006329  __TI_zero_init                     
00005b9b  __aeabi_cdcmpeq                    
00005b9b  __aeabi_cdcmple                    
00005c21  __aeabi_cdrcmple                   
00006091  __aeabi_d2iz                       
00004f0f  __aeabi_dadd                       
000051f9  __aeabi_ddiv                       
00005689  __aeabi_dmul                       
00004f05  __aeabi_dsub                       
00006341  __aeabi_errno_addr                 
00006209  __aeabi_i2d                        
00002f4b  __aeabi_idiv0                      
00002f4b  __aeabi_ldiv0                      
00005ca7  __aeabi_memclr                     
00005ca7  __aeabi_memclr4                    
00005ca7  __aeabi_memclr8                    
00005a69  __aeabi_memcpy                     
00005a69  __aeabi_memcpy4                    
00005a69  __aeabi_memcpy8                    
00005ca9  __aeabi_memset                     
00005ca9  __aeabi_memset4                    
00005ca9  __aeabi_memset8                    
00005b05  __aeabi_uldivmod                   
ffffffff  __binit__                          
ffffffff  __c_args__                         
UNDEFED   __mpu_init                         
2000fe00  __stack                            
0000619d  _c_int00_noargs                    
00006350  _ctypes_                           
UNDEFED   _system_post_cinit                 
00006349  _system_pre_init                   
0000634d  abort                              
00005ffd  atoi                               
ffffffff  binit                              
000062bf  copysign                           
000062bf  copysignl                          
00000525  eTaskGetState                      
2000c96c  errno                              
00005df9  frexp                              
00005df9  frexpl                             
00000000  interruptVectors                   
00005579  ldexp                              
00005579  ldexpl                             
00005f09  ltoa                               
000061dd  main                               
0000625d  memccpy                            
00005a69  memcpy                             
00005caf  memset                             
00000b39  pcTaskGetName                      
00003b6b  pcTimerGetName                     
00004489  pvPortMalloc                       
00001909  pvTaskIncrementMutexHeldCount      
00003fff  pvTimerGetTimerID                  
2000c910  pxCurrentTCB                       
000047e5  pxPortInitialiseStack              
00005579  scalbn                             
00005579  scalbnl                            
0000611d  sprintf                            
000062a9  strchr                             
000062d3  strcpy                             
000062e7  strlen                             
00002c5f  ucQueueGetQueueType                
00006454  ulMaxSyscallInterruptPriority      
00005795  ulPortGetIPSR                      
00001921  ulTaskNotifyTake                   
00005411  uxListRemove                       
00002c3f  uxQueueGetQueueNumber              
00002b8d  uxQueueMessagesWaiting             
00002bf1  uxQueueMessagesWaitingFromISR      
00002bbd  uxQueueSpacesAvailable             
00000b2f  uxTaskGetNumberOfTasks             
00000b79  uxTaskGetSystemState               
00001187  uxTaskGetTaskNumber                
000005db  uxTaskPriorityGet                  
0000060d  uxTaskPriorityGetFromISR           
000018e7  uxTaskResetEventItemValue          
000040dd  uxTimerGetTimerNumber              
000061f9  vApplicationStackOverflowHook      
0000532f  vListInitialise                    
0000535f  vListInitialiseItem                
000053ab  vListInsert                        
0000536f  vListInsertEnd                     
00005851  vPortEnableVFP                     
0000494d  vPortEndScheduler                  
00004971  vPortEnterCritical                 
000049b3  vPortExitCritical                  
000045e5  vPortFree                          
00004683  vPortInitialiseBlocks              
0000580d  vPortSVCHandler                    
0000580d  vPortSVCHandler                    
00004a05  vPortSetupTimerInterrupt           
0000582d  vPortStartFirstTask                
00004a2d  vPortValidateInterruptPriority     
00002c1b  vQueueDelete                       
00002c4d  vQueueSetQueueNumber               
00002eef  vQueueWaitForMessageRestricted     
000004bd  vTaskDelay                         
000003db  vTaskDelayUntil                    
00000311  vTaskDelete                        
000009d5  vTaskEndScheduler                  
00001291  vTaskGetInfo                       
000010bf  vTaskInternalSetTimeOutState       
000017d5  vTaskList                          
0000117f  vTaskMissedYield                   
00001cf5  vTaskNotifyGiveFromISR             
00000e75  vTaskPlaceOnEventList              
00000f11  vTaskPlaceOnEventListRestricted    
00000ead  vTaskPlaceOnUnorderedEventList     
00001681  vTaskPriorityDisinheritAfterTimeout
00000651  vTaskPrioritySet                   
00000ff5  vTaskRemoveFromUnorderedEventList  
000008cb  vTaskResume                        
000011a7  vTaskSetTaskNumber                 
0000108d  vTaskSetTimeOutState               
00000961  vTaskStartScheduler                
00000785  vTaskSuspend                       
000009f1  vTaskSuspendAll                    
00000d9d  vTaskSwitchContext                 
0000402d  vTimerSetTimerID                   
000040eb  vTimerSetTimerNumber               
000062fb  wcslen                             
00004677  xPortGetFreeHeapSize               
0000467d  xPortGetMinimumEverFreeHeapSize    
000057ad  xPortPendSVHandler                 
000057ad  xPortPendSVHandler                 
00004871  xPortStartScheduler                
000049df  xPortSysTickHandler                
000049df  xPortSysTickHandler                
00002135  xQueueCreateCountingSemaphore      
00002061  xQueueCreateMutex                  
00001f89  xQueueGenericCreate                
00001ed5  xQueueGenericReset                 
00002191  xQueueGenericSend                  
00002345  xQueueGenericSendFromISR           
0000244d  xQueueGiveFromISR                  
0000208d  xQueueGiveMutexRecursive           
00002e5b  xQueueIsQueueEmptyFromISR          
00002eb5  xQueueIsQueueFullFromISR           
00002889  xQueuePeek                         
00002ae1  xQueuePeekFromISR                  
0000253d  xQueueReceive                      
00002a09  xQueueReceiveFromISR               
000026b7  xQueueSemaphoreTake                
000020dd  xQueueTakeMutexRecursive           
000010d9  xTaskCheckForTimeOut               
000000e5  xTaskCreate                        
00001a51  xTaskGenericNotify                 
00001b95  xTaskGenericNotifyFromISR          
00001461  xTaskGetCurrentTaskHandle          
00001475  xTaskGetSchedulerState             
00000b0b  xTaskGetTickCount                  
00000b1b  xTaskGetTickCountFromISR           
00000c69  xTaskIncrementTick                 
00001ddd  xTaskNotifyStateClear              
00001999  xTaskNotifyWait                    
000015a1  xTaskPriorityDisinherit            
000014c1  xTaskPriorityInherit               
00000f55  xTaskRemoveFromEventList           
00000a09  xTaskResumeAll                     
000039eb  xTimerCreate                       
000039ad  xTimerCreateTimerTask              
00003a79  xTimerGenericCommand               
00003b41  xTimerGetExpiryTime                
00003b1b  xTimerGetPeriod                    
00003af9  xTimerGetTimerDaemonTaskHandle     
00003fbd  xTimerIsTimerActive                
00004091  xTimerPendFunctionCall             
0000405b  xTimerPendFunctionCallFromISR      


GLOBAL SYMBOLS: SORTED BY Symbol Address 

address   name                               
-------   ----                               
00000000  __TI_static_base__                 
00000000  interruptVectors                   
000000e5  xTaskCreate                        
00000200  __STACK_SIZE                       
00000311  vTaskDelete                        
000003db  vTaskDelayUntil                    
000004bd  vTaskDelay                         
00000525  eTaskGetState                      
000005db  uxTaskPriorityGet                  
0000060d  uxTaskPriorityGetFromISR           
00000651  vTaskPrioritySet                   
00000785  vTaskSuspend                       
000008cb  vTaskResume                        
00000961  vTaskStartScheduler                
000009d5  vTaskEndScheduler                  
000009f1  vTaskSuspendAll                    
00000a09  xTaskResumeAll                     
00000b0b  xTaskGetTickCount                  
00000b1b  xTaskGetTickCountFromISR           
00000b2f  uxTaskGetNumberOfTasks             
00000b39  pcTaskGetName                      
00000b79  uxTaskGetSystemState               
00000c69  xTaskIncrementTick                 
00000d9d  vTaskSwitchContext                 
00000e75  vTaskPlaceOnEventList              
00000ead  vTaskPlaceOnUnorderedEventList     
00000f11  vTaskPlaceOnEventListRestricted    
00000f55  xTaskRemoveFromEventList           
00000ff5  vTaskRemoveFromUnorderedEventList  
0000108d  vTaskSetTimeOutState               
000010bf  vTaskInternalSetTimeOutState       
000010d9  xTaskCheckForTimeOut               
0000117f  vTaskMissedYield                   
00001187  uxTaskGetTaskNumber                
000011a7  vTaskSetTaskNumber                 
00001291  vTaskGetInfo                       
00001461  xTaskGetCurrentTaskHandle          
00001475  xTaskGetSchedulerState             
000014c1  xTaskPriorityInherit               
000015a1  xTaskPriorityDisinherit            
00001681  vTaskPriorityDisinheritAfterTimeout
000017d5  vTaskList                          
000018e7  uxTaskResetEventItemValue          
00001909  pvTaskIncrementMutexHeldCount      
00001921  ulTaskNotifyTake                   
00001999  xTaskNotifyWait                    
00001a51  xTaskGenericNotify                 
00001b95  xTaskGenericNotifyFromISR          
00001cf5  vTaskNotifyGiveFromISR             
00001ddd  xTaskNotifyStateClear              
00001ed5  xQueueGenericReset                 
00001f89  xQueueGenericCreate                
00002061  xQueueCreateMutex                  
0000208d  xQueueGiveMutexRecursive           
000020dd  xQueueTakeMutexRecursive           
00002135  xQueueCreateCountingSemaphore      
00002191  xQueueGenericSend                  
00002345  xQueueGenericSendFromISR           
0000244d  xQueueGiveFromISR                  
0000253d  xQueueReceive                      
000026b7  xQueueSemaphoreTake                
00002889  xQueuePeek                         
00002a09  xQueueReceiveFromISR               
00002ae1  xQueuePeekFromISR                  
00002b8d  uxQueueMessagesWaiting             
00002bbd  uxQueueSpacesAvailable             
00002bf1  uxQueueMessagesWaitingFromISR      
00002c1b  vQueueDelete                       
00002c3f  uxQueueGetQueueNumber              
00002c4d  vQueueSetQueueNumber               
00002c5f  ucQueueGetQueueType                
00002e5b  xQueueIsQueueEmptyFromISR          
00002eb5  xQueueIsQueueFullFromISR           
00002eef  vQueueWaitForMessageRestricted     
00002f4b  __aeabi_idiv0                      
00002f4b  __aeabi_ldiv0                      
00002f4d  __TI_printfi                       
000039ad  xTimerCreateTimerTask              
000039eb  xTimerCreate                       
00003a79  xTimerGenericCommand               
00003af9  xTimerGetTimerDaemonTaskHandle     
00003b1b  xTimerGetPeriod                    
00003b41  xTimerGetExpiryTime                
00003b6b  pcTimerGetName                     
00003fbd  xTimerIsTimerActive                
00003fff  pvTimerGetTimerID                  
0000402d  vTimerSetTimerID                   
0000405b  xTimerPendFunctionCallFromISR      
00004091  xTimerPendFunctionCall             
000040dd  uxTimerGetTimerNumber              
000040eb  vTimerSetTimerNumber               
00004111  SystemCoreClockUpdate              
00004389  SystemInit                         
00004489  pvPortMalloc                       
000045e5  vPortFree                          
00004677  xPortGetFreeHeapSize               
0000467d  xPortGetMinimumEverFreeHeapSize    
00004683  vPortInitialiseBlocks              
000047e5  pxPortInitialiseStack              
00004871  xPortStartScheduler                
0000494d  vPortEndScheduler                  
00004971  vPortEnterCritical                 
000049b3  vPortExitCritical                  
000049df  xPortSysTickHandler                
000049df  xPortSysTickHandler                
00004a05  vPortSetupTimerInterrupt           
00004a2d  vPortValidateInterruptPriority     
00004f05  __aeabi_dsub                       
00004f0f  __aeabi_dadd                       
000051f9  __aeabi_ddiv                       
0000532f  vListInitialise                    
0000535f  vListInitialiseItem                
0000536f  vListInsertEnd                     
000053ab  vListInsert                        
00005411  uxListRemove                       
00005579  ldexp                              
00005579  ldexpl                             
00005579  scalbn                             
00005579  scalbnl                            
00005689  __aeabi_dmul                       
00005795  ulPortGetIPSR                      
000057ad  xPortPendSVHandler                 
000057ad  xPortPendSVHandler                 
0000580d  vPortSVCHandler                    
0000580d  vPortSVCHandler                    
0000582d  vPortStartFirstTask                
00005851  vPortEnableVFP                     
00005861  CS_getDCOFrequency                 
00005a69  __aeabi_memcpy                     
00005a69  __aeabi_memcpy4                    
00005a69  __aeabi_memcpy8                    
00005a69  memcpy                             
00005b05  __aeabi_uldivmod                   
00005b9b  __aeabi_cdcmpeq                    
00005b9b  __aeabi_cdcmple                    
00005c21  __aeabi_cdrcmple                   
00005ca7  __aeabi_memclr                     
00005ca7  __aeabi_memclr4                    
00005ca7  __aeabi_memclr8                    
00005ca9  __aeabi_memset                     
00005ca9  __aeabi_memset4                    
00005ca9  __aeabi_memset8                    
00005caf  memset                             
00005d8f  __TI_decompress_lzss               
00005df9  frexp                              
00005df9  frexpl                             
00005eb5  SysCtl_A_getTLVInfo                
00005f09  ltoa                               
00005ffd  atoi                               
00006091  __aeabi_d2iz                       
000060d9  __TI_auto_init_nobinit_nopinit     
0000611d  sprintf                            
0000619d  _c_int00_noargs                    
000061d5  Task1                              
000061dd  main                               
000061f9  vApplicationStackOverflowHook      
00006209  __aeabi_i2d                        
00006239  CS_clearInterruptFlag              
0000625d  memccpy                            
00006279  CS_getMCLK                         
000062a9  strchr                             
000062bf  copysign                           
000062bf  copysignl                          
000062d3  strcpy                             
000062e7  strlen                             
000062fb  wcslen                             
0000630d  __TI_decompress_none               
0000631b  Reset_Handler                      
00006327  ADC14_IRQHandler                   
00006327  AES256_IRQHandler                  
00006327  BusFault_Handler                   
00006327  COMP_E0_IRQHandler                 
00006327  COMP_E1_IRQHandler                 
00006327  CS_IRQHandler                      
00006327  DMA_ERR_IRQHandler                 
00006327  DMA_INT0_IRQHandler                
00006327  DMA_INT1_IRQHandler                
00006327  DMA_INT2_IRQHandler                
00006327  DMA_INT3_IRQHandler                
00006327  DebugMon_Handler                   
00006327  Default_Handler                    
00006327  EUSCIA0_IRQHandler                 
00006327  EUSCIA1_IRQHandler                 
00006327  EUSCIA2_IRQHandler                 
00006327  EUSCIA3_IRQHandler                 
00006327  EUSCIB0_IRQHandler                 
00006327  EUSCIB1_IRQHandler                 
00006327  EUSCIB2_IRQHandler                 
00006327  EUSCIB3_IRQHandler                 
00006327  FLCTL_IRQHandler                   
00006327  FPU_IRQHandler                     
00006327  HardFault_Handler                  
00006327  MemManage_Handler                  
00006327  NMI_Handler                        
00006327  PCM_IRQHandler                     
00006327  PORT1_IRQHandler                   
00006327  PORT2_IRQHandler                   
00006327  PORT3_IRQHandler                   
00006327  PORT4_IRQHandler                   
00006327  PORT5_IRQHandler                   
00006327  PORT6_IRQHandler                   
00006327  PSS_IRQHandler                     
00006327  RTC_C_IRQHandler                   
00006327  T32_INT1_IRQHandler                
00006327  T32_INT2_IRQHandler                
00006327  T32_INTC_IRQHandler                
00006327  TA0_0_IRQHandler                   
00006327  TA0_N_IRQHandler                   
00006327  TA1_0_IRQHandler                   
00006327  TA1_N_IRQHandler                   
00006327  TA2_0_IRQHandler                   
00006327  TA2_N_IRQHandler                   
00006327  TA3_0_IRQHandler                   
00006327  TA3_N_IRQHandler                   
00006327  UsageFault_Handler                 
00006327  WDT_A_IRQHandler                   
00006329  __TI_zero_init                     
00006341  __aeabi_errno_addr                 
00006349  _system_pre_init                   
0000634d  C$$EXIT                            
0000634d  abort                              
00006350  _ctypes_                           
00006454  ulMaxSyscallInterruptPriority      
00006478  __TI_Handler_Table_Base            
00006484  __TI_Handler_Table_Limit           
00006490  __TI_CINIT_Base                    
000064a0  __TI_CINIT_Limit                   
2000c910  pxCurrentTCB                       
2000c96c  errno                              
2000c970  SystemCoreClock                    
2000fe00  __stack                            
20010000  __STACK_END                        
4000480c  WDTCTL_SYM                         
ffffffff  __TI_pprof_out_hndl                
ffffffff  __TI_prof_data_size                
ffffffff  __TI_prof_data_start               
ffffffff  __binit__                          
ffffffff  __c_args__                         
ffffffff  binit                              
UNDEFED   __mpu_init                         
UNDEFED   _system_post_cinit                 

[241 symbols]
